
Discarded input sections

 .data          0x0000000000000000        0x0 arch/arm/cpu/armv8/start.o
 .bss           0x0000000000000000        0x0 arch/arm/cpu/armv8/start.o
 .text.sdelay   0x0000000000000000        0xc arch/arm/cpu/armv8/built-in.o
 .text.timer_read_counter
                0x0000000000000000        0xc arch/arm/cpu/armv8/built-in.o
 .text.usec2ticks
                0x0000000000000000       0x44 arch/arm/cpu/armv8/built-in.o
 .text.timer_get_boot_us
                0x0000000000000000       0x28 arch/arm/cpu/armv8/built-in.o
 .text.set_one_region
                0x0000000000000000       0xd8 arch/arm/cpu/armv8/built-in.o
 .text.arch_get_page_table
                0x0000000000000000       0x20 arch/arm/cpu/armv8/built-in.o
 .text.mmu_set_region_dcache_behaviour
                0x0000000000000000       0xa8 arch/arm/cpu/armv8/built-in.o
 .text.mmu_change_region_attr
                0x0000000000000000       0xe8 arch/arm/cpu/armv8/built-in.o
 .text.enable_caches
                0x0000000000000000       0x14 arch/arm/cpu/armv8/built-in.o
 .text.__asm_switch_ttbr
                0x0000000000000000       0xe0 arch/arm/cpu/armv8/built-in.o
 .text.armv8_switch_to_el1
                0x0000000000000000       0xd0 arch/arm/cpu/armv8/built-in.o
 .text.psci_system_reset
                0x0000000000000000       0x20 arch/arm/cpu/armv8/built-in.o
 .text.psci_system_off
                0x0000000000000000       0x20 arch/arm/cpu/armv8/built-in.o
 .rodata.arch_get_page_table.str1.1
                0x0000000000000000       0x1e arch/arm/cpu/armv8/built-in.o
 .rodata.mmu_set_region_dcache_behaviour.str1.1
                0x0000000000000000       0x20 arch/arm/cpu/armv8/built-in.o
 .rodata.set_one_region.str1.1
                0x0000000000000000       0x2e arch/arm/cpu/armv8/built-in.o
 .eh_frame      0x0000000000000000      0x4fc arch/arm/cpu/armv8/built-in.o
 .data          0x0000000000000000        0x0 arch/arm/cpu/armv8/built-in.o
 .bss           0x0000000000000000        0x0 arch/arm/cpu/armv8/built-in.o
 .text.board_quiesce_devices
                0x0000000000000000        0x4 arch/arm/lib/built-in.o
 .text.armv7_boot_nonsec_default
                0x0000000000000000        0x8 arch/arm/lib/built-in.o
 .text.enable_caches
                0x0000000000000000        0xc arch/arm/lib/built-in.o
 .text.invalidate_dcache_range
                0x0000000000000000        0x4 arch/arm/lib/built-in.o
 .text.flush_dcache_range
                0x0000000000000000        0x4 arch/arm/lib/built-in.o
 .text.flush_dcache_all
                0x0000000000000000        0xc arch/arm/lib/built-in.o
 .text.check_cache_range
                0x0000000000000000       0x3c arch/arm/lib/built-in.o
 .text.fdt_psci
                0x0000000000000000        0x8 arch/arm/lib/built-in.o
 .rodata.check_cache_range.str1.1
                0x0000000000000000       0x35 arch/arm/lib/built-in.o
 .rodata.enable_caches.str1.1
                0x0000000000000000       0x1d arch/arm/lib/built-in.o
 .eh_frame      0x0000000000000000      0x458 arch/arm/lib/built-in.o
 .data          0x0000000000000000        0x0 arch/arm/lib/built-in.o
 .__efi_runtime_rel_start
                0x0000000000000000        0x0 arch/arm/lib/built-in.o
 .__efi_runtime_rel_stop
                0x0000000000000000        0x0 arch/arm/lib/built-in.o
 .__efi_runtime_start
                0x0000000000000000        0x0 arch/arm/lib/built-in.o
 .__efi_runtime_stop
                0x0000000000000000        0x0 arch/arm/lib/built-in.o
 .__end         0x0000000000000000        0x0 arch/arm/lib/built-in.o
 .__secure_end  0x0000000000000000        0x0 arch/arm/lib/built-in.o
 .__secure_stack_end
                0x0000000000000000        0x0 arch/arm/lib/built-in.o
 .__secure_stack_start
                0x0000000000000000        0x0 arch/arm/lib/built-in.o
 .__secure_start
                0x0000000000000000        0x0 arch/arm/lib/built-in.o
 .bss           0x0000000000000000        0x0 arch/arm/lib/built-in.o
 .text.imx_iomux_set_gpr_register
                0x0000000000000000       0x4c arch/arm/mach-imx/built-in.o
 .text.force_idle_bus
                0x0000000000000000      0x1dc arch/arm/mach-imx/built-in.o
 .text.setup_i2c
                0x0000000000000000       0xc8 arch/arm/mach-imx/built-in.o
 .text.cpu_eth_init
                0x0000000000000000        0x4 arch/arm/mach-imx/built-in.o
 .text.cpu_mmc_init
                0x0000000000000000        0x4 arch/arm/mach-imx/built-in.o
 .text.mxs_wait_mask_set
                0x0000000000000000       0x58 arch/arm/mach-imx/built-in.o
 .text.mxs_wait_mask_clr
                0x0000000000000000       0x58 arch/arm/mach-imx/built-in.o
 .text.mxs_reset_block
                0x0000000000000000       0xbc arch/arm/mach-imx/built-in.o
 .text.call_imx_sip_ret2
                0x0000000000000000       0x40 arch/arm/mach-imx/built-in.o
 .text.enable_tzc380
                0x0000000000000000       0x34 arch/arm/mach-imx/built-in.o
[...]
Memory Configuration

Name             Origin             Length             Attributes
*default*        0x0000000000000000 0xffffffffffffffff

Linker script and memory map

Address of section .text set to 0x40200000
                0x0000000000000000                . = 0x0
                0x0000000000000000                . = ALIGN (0x8)

.text           0x0000000040200000      0x114
 *(.__image_copy_start)
 .__image_copy_start
                0x0000000040200000        0x0 arch/arm/lib/built-in.o
                0x0000000040200000                __image_copy_start
 arch/arm/cpu/armv8/start.o(.text*)
 .text          0x0000000040200000      0x114 arch/arm/cpu/armv8/start.o
                0x0000000040200000                _start
                0x0000000040200008                _TEXT_BASE
                0x0000000040200010                _end_ofs
                0x0000000040200018                _bss_start_ofs
                0x0000000040200020                _bss_end_ofs
                0x000000004020002c                save_boot_params_ret
                0x000000004020008c                apply_core_errata
                0x00000000402000d4                smp_kick_all_cpus
                0x00000000402000d8                c_runtime_cpu_setup

.efi_runtime    0x0000000040200118      0x8a8
                0x0000000040200118                __efi_runtime_start = .
 *(.text.efi_runtime*)
 .text.efi_runtime
                0x0000000040200118      0x164 lib/built-in.o
                0x0000000040200118                efi_reset_system
                0x000000004020011c                efi_get_time
                0x0000000040200140                efi_update_capsule
                0x0000000040200148                efi_query_capsule_caps
                0x0000000040200150                efi_query_variable_info
                0x0000000040200158                efi_update_table_header_crc32
                0x000000004020018c                crc32_no_comp
                0x0000000040200260                crc32
 .text.efi_runtime_relocate
                0x000000004020027c      0x12c lib/built-in.o
                0x000000004020027c                efi_runtime_relocate
 *(.rodata.efi_runtime*)
 .rodata.efi_runtime_detach_list
                0x00000000402003a8       0xa0 lib/built-in.o
 .rodata.efi_runtime_relocate.str1.1
                0x0000000040200448       0x4e lib/built-in.o
 *(.data.efi_runtime*)
 *fill*         0x0000000040200496        0x2 
 .data.efi_runtime
                0x0000000040200498      0x518 lib/built-in.o
                0x0000000040200498                systab
                0x0000000040200528                efi_runtime_services
 .data.efi_runtime_mmio
                0x00000000402009b0       0x10 lib/built-in.o
                0x00000000402009b0                efi_runtime_mmio
                0x00000000402009c0                __efi_runtime_stop = .

.text_rest      0x0000000040201000    0x70b54
 *(.text*)
 .text          0x0000000040201000      0x390 arch/arm/cpu/armv8/built-in.o
                0x0000000040201000                vectors
 .text.cleanup_before_linux
                0x0000000040201390       0x28 arch/arm/cpu/armv8/built-in.o
                0x0000000040201390                cleanup_before_linux
 .text.get_tbclk
                0x00000000402013b8        0x8 arch/arm/cpu/armv8/built-in.o
                0x00000000402013b8                get_tbclk
 .text.get_ticks
                0x00000000402013c0       0x10 arch/arm/cpu/armv8/built-in.o
                0x00000000402013c0                get_ticks
 .text.count_required_pts
                0x00000000402013d0       0xf8 arch/arm/cpu/armv8/built-in.o
 .text.create_table
                0x00000000402014c8       0x70 arch/arm/cpu/armv8/built-in.o
 .text.split_block
                0x0000000040201538       0x90 arch/arm/cpu/armv8/built-in.o
 .text.get_tcr  0x00000000402015c8       0xe4 arch/arm/cpu/armv8/built-in.o
                0x00000000402015c8                get_tcr
 .text.find_pte
                0x00000000402016ac       0x8c arch/arm/cpu/armv8/built-in.o
 .text.get_page_table_size
                0x0000000040201738       0x48 arch/arm/cpu/armv8/built-in.o
                0x0000000040201738                get_page_table_size
 .text.setup_pgtables
                0x0000000040201780      0x16c arch/arm/cpu/armv8/built-in.o
                0x0000000040201780                setup_pgtables
 .text.mmu_setup
                0x00000000402018ec      0x13c arch/arm/cpu/armv8/built-in.o
                0x00000000402018ec                mmu_setup
 .text.invalidate_dcache_all
                0x0000000040201a28       0x14 arch/arm/cpu/armv8/built-in.o
                0x0000000040201a28                invalidate_dcache_all
 .text.flush_dcache_all
                0x0000000040201a3c       0x14 arch/arm/cpu/armv8/built-in.o
                0x0000000040201a3c                flush_dcache_all
 .text.invalidate_dcache_range
                0x0000000040201a50        0x4 arch/arm/cpu/armv8/built-in.o
                0x0000000040201a50                invalidate_dcache_range
 .text.flush_dcache_range
                0x0000000040201a54        0x4 arch/arm/cpu/armv8/built-in.o
                0x0000000040201a54                flush_dcache_range
 .text.dcache_enable
                0x0000000040201a58      0x110 arch/arm/cpu/armv8/built-in.o
                0x0000000040201a58                dcache_enable
 .text.dcache_disable
                0x0000000040201b68       0x84 arch/arm/cpu/armv8/built-in.o
                0x0000000040201b68                dcache_disable
 .text.dcache_status
                0x0000000040201bec       0x34 arch/arm/cpu/armv8/built-in.o
                0x0000000040201bec                dcache_status
 .text.icache_disable
                0x0000000040201c20       0x64 arch/arm/cpu/armv8/built-in.o
                0x0000000040201c20                icache_disable
 .text.icache_status
                0x0000000040201c84       0x34 arch/arm/cpu/armv8/built-in.o
                0x0000000040201c84                icache_status
 .text.invalidate_icache_all
                0x0000000040201cb8       0x14 arch/arm/cpu/armv8/built-in.o
                0x0000000040201cb8                invalidate_icache_all
 .text.icache_enable
                0x0000000040201ccc       0x74 arch/arm/cpu/armv8/built-in.o
                0x0000000040201ccc                icache_enable
 .text.entry_non_secure
                0x0000000040201d40       0x28 arch/arm/cpu/armv8/built-in.o
 .text.switch_to_non_secure_mode
                0x0000000040201d68       0x54 arch/arm/cpu/armv8/built-in.o
                0x0000000040201d68                switch_to_non_secure_mode
 .text.__asm_dcache_level
                0x0000000040201dbc       0x64 arch/arm/cpu/armv8/built-in.o
                0x0000000040201dbc                __asm_dcache_level
 .text.__asm_dcache_all
                0x0000000040201e20       0x60 arch/arm/cpu/armv8/built-in.o
                0x0000000040201e20                __asm_dcache_all
 .text.__asm_flush_dcache_all
                0x0000000040201e80        0x8 arch/arm/cpu/armv8/built-in.o
                0x0000000040201e80                __asm_flush_dcache_all
 .text.__asm_invalidate_dcache_all
                0x0000000040201e88        0x8 arch/arm/cpu/armv8/built-in.o
                0x0000000040201e88                __asm_invalidate_dcache_all
 .text.__asm_flush_dcache_range
                0x0000000040201e90       0x34 arch/arm/cpu/armv8/built-in.o
                0x0000000040201e90                __asm_flush_dcache_range
 .text.__asm_invalidate_dcache_range
                0x0000000040201ec4       0x30 arch/arm/cpu/armv8/built-in.o
                0x0000000040201ec4                __asm_invalidate_dcache_range
 .text.__asm_invalidate_icache_all
                0x0000000040201ef4        0xc arch/arm/cpu/armv8/built-in.o
                0x0000000040201ef4                __asm_invalidate_icache_all
 .text.__asm_invalidate_l3_dcache
                0x0000000040201f00        0x8 arch/arm/cpu/armv8/built-in.o
                0x0000000040201f00                __asm_invalidate_l3_dcache
 .text.__asm_flush_l3_dcache
                0x0000000040201f08        0x8 arch/arm/cpu/armv8/built-in.o
                0x0000000040201f08                __asm_flush_l3_dcache
 .text.__asm_invalidate_l3_icache
                0x0000000040201f10        0x8 arch/arm/cpu/armv8/built-in.o
                0x0000000040201f10                __asm_invalidate_l3_icache
 .text.__asm_invalidate_tlb_all
                0x0000000040201f18       0x4c arch/arm/cpu/armv8/built-in.o
                0x0000000040201f18                __asm_invalidate_tlb_all
 *fill*         0x0000000040201f64        0x4 
 .text.armv8_switch_to_el2
                0x0000000040201f68       0xb8 arch/arm/cpu/armv8/built-in.o
                0x0000000040201f68                armv8_switch_to_el2
 .text.armv8_el2_to_aarch32
                0x0000000040202020        0x4 arch/arm/cpu/armv8/built-in.o
                0x0000000040202020                armv8_el2_to_aarch32
 .text.smc_call
                0x0000000040202024       0x44 arch/arm/cpu/armv8/built-in.o
                0x0000000040202024                smc_call
 .text          0x0000000040202068      0x144 arch/arm/lib/built-in.o
                0x0000000040202068                _main
                0x00000000402020e8                relocate_code
 .text.setjmp   0x00000000402021ac       0x28 arch/arm/lib/built-in.o
                0x00000000402021ac                setjmp
 .text.longjmp  0x00000000402021d4       0x2c arch/arm/lib/built-in.o
                0x00000000402021d4                longjmp
 .text.arch_fixup_fdt
                0x0000000040202200       0x4c arch/arm/lib/built-in.o
                0x0000000040202200                arch_fixup_fdt
 .text.arch_lmb_reserve
                0x000000004020224c       0x84 arch/arm/lib/built-in.o
                0x000000004020224c                arch_lmb_reserve
 .text.setup_board_tags
                0x00000000402022d0        0x4 arch/arm/lib/built-in.o
                0x00000000402022d0                setup_board_tags
 .text.boot_prep_linux
                0x00000000402022d4       0xf8 arch/arm/lib/built-in.o
 .text.update_os_arch_secondary_cores
                0x00000000402023cc        0x4 arch/arm/lib/built-in.o
                0x00000000402023cc                update_os_arch_secondary_cores
 .text.boot_jump_linux
                0x00000000402023d0       0xc0 arch/arm/lib/built-in.o
 .text.do_bootm_linux
                0x0000000040202490       0x7c arch/arm/lib/built-in.o
                0x0000000040202490                do_bootm_linux
 .text.boot_prep_vxworks
                0x000000004020250c       0x54 arch/arm/lib/built-in.o
                0x000000004020250c                boot_prep_vxworks
 .text.boot_jump_vxworks
                0x0000000040202560        0xc arch/arm/lib/built-in.o
                0x0000000040202560                boot_jump_vxworks
 .text.booti_setup
                0x000000004020256c       0xb8 arch/arm/lib/built-in.o
                0x000000004020256c                booti_setup
 .text.arch_reserve_stacks
                0x0000000040202624       0x10 arch/arm/lib/built-in.o
                0x0000000040202624                arch_reserve_stacks
 .text.interrupt_init
                0x0000000040202634        0x8 arch/arm/lib/built-in.o
                0x0000000040202634                interrupt_init
 .text.enable_interrupts
                0x000000004020263c        0x4 arch/arm/lib/built-in.o
                0x000000004020263c                enable_interrupts
 .text.disable_interrupts
                0x0000000040202640        0x8 arch/arm/lib/built-in.o
                0x0000000040202640                disable_interrupts
 .text.show_regs
                0x0000000040202648       0x9c arch/arm/lib/built-in.o
                0x0000000040202648                show_regs
 .text.do_bad_sync
                0x00000000402026e4       0x3c arch/arm/lib/built-in.o
                0x00000000402026e4                do_bad_sync
 .text.do_bad_irq
                0x0000000040202720       0x3c arch/arm/lib/built-in.o
                0x0000000040202720                do_bad_irq
 .text.do_bad_fiq
                0x000000004020275c       0x3c arch/arm/lib/built-in.o
                0x000000004020275c                do_bad_fiq
 .text.do_bad_error
                0x0000000040202798       0x3c arch/arm/lib/built-in.o
                0x0000000040202798                do_bad_error
 .text.do_sync  0x00000000402027d4       0x3c arch/arm/lib/built-in.o
                0x00000000402027d4                do_sync
 .text.do_irq   0x0000000040202810       0x3c arch/arm/lib/built-in.o
                0x0000000040202810                do_irq
 .text.do_fiq   0x000000004020284c       0x3c arch/arm/lib/built-in.o
                0x000000004020284c                do_fiq
 .text.do_error
                0x0000000040202888       0x3c arch/arm/lib/built-in.o
                0x0000000040202888                do_error
 .text.reset_misc
                0x00000000402028c4        0x4 arch/arm/lib/built-in.o
                0x00000000402028c4                reset_misc
 .text.do_reset
                0x00000000402028c8       0x38 arch/arm/lib/built-in.o
                0x00000000402028c8                do_reset
 .text.flush_cache
                0x0000000040202900        0x8 arch/arm/lib/built-in.o
                0x0000000040202900                flush_cache
 *fill*         0x0000000040202908       0xf8 
 .text          0x0000000040202a00      0x298 arch/arm/mach-imx/built-in.o
                0x0000000040202a00                lowlevel_init
                0x0000000040202b00                rom_pointer
                0x0000000040202c00                save_boot_params
                0x0000000040202c4c                restore_boot_params
 .text.imx_iomux_v3_setup_pad
                0x0000000040202c98       0xc0 arch/arm/mach-imx/built-in.o
                0x0000000040202c98                imx_iomux_v3_setup_pad
 .text.imx_iomux_v3_setup_multiple_pads
                0x0000000040202d58       0x44 arch/arm/mach-imx/built-in.o
                0x0000000040202d58                imx_iomux_v3_setup_multiple_pads
 .text.arch_auxiliary_core_up
                0x0000000040202d9c       0x54 arch/arm/mach-imx/built-in.o
                0x0000000040202d9c                arch_auxiliary_core_up
 .text.arch_auxiliary_core_check_up
                0x0000000040202df0       0x2c arch/arm/mach-imx/built-in.o
                0x0000000040202df0                arch_auxiliary_core_check_up
 .text.do_bootaux
                0x0000000040202e1c       0xa8 arch/arm/mach-imx/built-in.o
 .text.board_mmc_get_env_dev
                0x0000000040202ec4        0x4 arch/arm/mach-imx/built-in.o
                0x0000000040202ec4                board_mmc_get_env_dev
 .text.mmc_get_env_dev
                0x0000000040202ec8       0x60 arch/arm/mach-imx/built-in.o
                0x0000000040202ec8                mmc_get_env_dev
 .text.imx_get_mac_from_fuse
                0x0000000040202f28      0x120 arch/arm/mach-imx/built-in.o
                0x0000000040202f28                imx_get_mac_from_fuse
 .text.get_imx_reset_cause
                0x0000000040203048       0x28 arch/arm/mach-imx/built-in.o
                0x0000000040203048                get_imx_reset_cause
 .text.get_reset_cause
                0x0000000040203070       0xf8 arch/arm/mach-imx/built-in.o
 .text.get_reboot_reason
                0x0000000040203168       0x38 arch/arm/mach-imx/built-in.o
                0x0000000040203168                get_reboot_reason
 .text.get_imx_type
                0x00000000402031a0      0x234 arch/arm/mach-imx/built-in.o
                0x00000000402031a0                get_imx_type
 .text.arch_preboot_os
                0x00000000402033d4        0x4 arch/arm/mach-imx/built-in.o
                0x00000000402033d4                arch_preboot_os
 .text.get_cpu_speed_grade_hz
                0x00000000402033d8      0x26c arch/arm/mach-imx/built-in.o
                0x00000000402033d8                get_cpu_speed_grade_hz
 .text.get_cpu_temp_grade
                0x0000000040203644       0x70 arch/arm/mach-imx/built-in.o
                0x0000000040203644                get_cpu_temp_grade
 .text.print_cpuinfo
                0x00000000402036b4      0x164 arch/arm/mach-imx/built-in.o
                0x00000000402036b4                print_cpuinfo
 .text.get_boot_device
                0x0000000040203818       0xb4 arch/arm/mach-imx/built-in.o
                0x0000000040203818                get_boot_device
 .text.board_lmb_reserve
                0x00000000402038cc       0x6c arch/arm/mach-imx/built-in.o
                0x00000000402038cc                board_lmb_reserve
 .text.imx_sec_init
                0x0000000040203938        0x4 arch/arm/mach-imx/built-in.o
                0x0000000040203938                imx_sec_init
 .text.call_imx_sip
                0x000000004020393c       0x28 arch/arm/mach-imx/built-in.o
                0x000000004020393c                call_imx_sip
 .text.select   0x0000000040203964       0x34 arch/arm/mach-imx/built-in.o
 .text.get_clk_root_target
                0x0000000040203998       0x8c arch/arm/mach-imx/built-in.o
 .text.clock_get_target_val
                0x0000000040203a24       0x68 arch/arm/mach-imx/built-in.o
                0x0000000040203a24                clock_get_target_val
 .text.clock_set_target_val
                0x0000000040203a8c       0x64 arch/arm/mach-imx/built-in.o
                0x0000000040203a8c                clock_set_target_val
 .text.clock_root_enabled
                0x0000000040203af0       0x74 arch/arm/mach-imx/built-in.o
                0x0000000040203af0                clock_root_enabled
 .text.clock_enable
                0x0000000040203b64       0x4c arch/arm/mach-imx/built-in.o
                0x0000000040203b64                clock_enable
 .text.clock_get_prediv
                0x0000000040203bb0       0x84 arch/arm/mach-imx/built-in.o
                0x0000000040203bb0                clock_get_prediv
 .text.clock_get_postdiv
                0x0000000040203c34       0xa4 arch/arm/mach-imx/built-in.o
                0x0000000040203c34                clock_get_postdiv
 .text.clock_get_src
                0x0000000040203cd8       0x70 arch/arm/mach-imx/built-in.o
                0x0000000040203cd8                clock_get_src
 .text.get_cpu_variant_type
                0x0000000040203d48       0xdc arch/arm/mach-imx/built-in.o
 .text.disable_fdt_nodes
                0x0000000040203e24      0x104 arch/arm/mach-imx/built-in.o
 .text.disable_dcss_nodes
                0x0000000040203f28       0x40 arch/arm/mach-imx/built-in.o
 .text.disable_mipi_dsi_nodes
                0x0000000040203f68       0x40 arch/arm/mach-imx/built-in.o
 .text.timer_init
                0x0000000040203fa8       0x10 arch/arm/mach-imx/built-in.o
                0x0000000040203fa8                timer_init
 .text.set_wdog_reset
                0x0000000040203fb8       0x18 arch/arm/mach-imx/built-in.o
                0x0000000040203fb8                set_wdog_reset
 .text.enable_caches
                0x0000000040203fd0       0x34 arch/arm/mach-imx/built-in.o
                0x0000000040203fd0                enable_caches
 .text.get_cpu_rev
                0x0000000040204004       0xb4 arch/arm/mach-imx/built-in.o
                0x0000000040204004                get_cpu_rev
 .text.arch_cpu_init
                0x00000000402040b8       0x88 arch/arm/mach-imx/built-in.o
                0x00000000402040b8                arch_cpu_init
 .text.is_usb_boot
                0x0000000040204140       0x1c arch/arm/mach-imx/built-in.o
                0x0000000040204140                is_usb_boot
 .text.get_board_serial
                0x000000004020415c       0x1c arch/arm/mach-imx/built-in.o
                0x000000004020415c                get_board_serial
 .text.check_dcss_fused
                0x0000000040204178       0x18 arch/arm/mach-imx/built-in.o
                0x0000000040204178                check_dcss_fused
 .text.board_quiesce_devices
                0x0000000040204190       0x30 arch/arm/mach-imx/built-in.o
                0x0000000040204190                board_quiesce_devices
 .text.disable_vpu_nodes
                0x00000000402041c0       0xf8 arch/arm/mach-imx/built-in.o
                0x00000000402041c0                disable_vpu_nodes
 .text.disable_cpu_nodes
                0x00000000402042b8       0xf4 arch/arm/mach-imx/built-in.o
                0x00000000402042b8                disable_cpu_nodes
 .text.ft_system_setup
                0x00000000402043ac      0x3d0 arch/arm/mach-imx/built-in.o
                0x00000000402043ac                ft_system_setup
 .text.reset_cpu
                0x000000004020477c       0x14 arch/arm/mach-imx/built-in.o
                0x000000004020477c                reset_cpu
 .text.arch_misc_init
                0x0000000040204790       0x60 arch/arm/mach-imx/built-in.o
                0x0000000040204790                arch_misc_init
 .text.imx8m_usb_power
                0x00000000402047f0       0x48 arch/arm/mach-imx/built-in.o
                0x00000000402047f0                imx8m_usb_power
 .text.nxp_tmu_arch_init
                0x0000000040204838      0x118 arch/arm/mach-imx/built-in.o
                0x0000000040204838                nxp_tmu_arch_init
 .text.decode_sscg_pll
                0x0000000040204950      0x214 arch/arm/mach-imx/built-in.o
 .text.decode_frac_pll.part.0
                0x0000000040204b64       0x84 arch/arm/mach-imx/built-in.o
 .text.get_root_clk
                0x0000000040204be8       0xdc arch/arm/mach-imx/built-in.o
 .text.enable_ocotp_clk
                0x0000000040204cc4       0x10 arch/arm/mach-imx/built-in.o
                0x0000000040204cc4                enable_ocotp_clk
 .text.enable_i2c_clk
                0x0000000040204cd4       0x3c arch/arm/mach-imx/built-in.o
                0x0000000040204cd4                enable_i2c_clk
 .text.mxc_get_clock
                0x0000000040204d10       0xb0 arch/arm/mach-imx/built-in.o
                0x0000000040204d10                mxc_get_clock
 .text.do_imx8m_showclocks
                0x0000000040204dc0      0x248 arch/arm/mach-imx/built-in.o
                0x0000000040204dc0                do_imx8m_showclocks
 .text.imx_get_uartclk
                0x0000000040205008        0x8 arch/arm/mach-imx/built-in.o
                0x0000000040205008                imx_get_uartclk
 .text.init_usb_clk
                0x0000000040205010       0xa4 arch/arm/mach-imx/built-in.o
                0x0000000040205010                init_usb_clk
 .text.init_clk_usdhc
                0x00000000402050b4       0x80 arch/arm/mach-imx/built-in.o
                0x00000000402050b4                init_clk_usdhc
 .text.set_clk_qspi
                0x0000000040205134       0x38 arch/arm/mach-imx/built-in.o
                0x0000000040205134                set_clk_qspi
 .text.set_clk_enet
                0x000000004020516c       0x90 arch/arm/mach-imx/built-in.o
                0x000000004020516c                set_clk_enet
 .text.imx_get_fecclk
                0x00000000402051fc        0x8 arch/arm/mach-imx/built-in.o
                0x00000000402051fc                imx_get_fecclk
 .text.mmc_map_to_kernel_blk
                0x0000000040205204        0x4 board/freescale/common/built-in.o
                0x0000000040205204                mmc_map_to_kernel_blk
 .text.board_late_mmc_env_init
                0x0000000040205208       0x9c board/freescale/common/built-in.o
                0x0000000040205208                board_late_mmc_env_init
 .text.board_early_init_f
                0x00000000402052a4       0x3c board/freescale/imx8mq_evk/built-in.o
                0x00000000402052a4                board_early_init_f
 .text.dram_init
                0x00000000402052e0       0x24 board/freescale/imx8mq_evk/built-in.o
                0x00000000402052e0                dram_init
 .text.board_phy_config
                0x0000000040205304       0xa4 board/freescale/imx8mq_evk/built-in.o
                0x0000000040205304                board_phy_config
 .text.usb_gadget_handle_interrupts
                0x00000000402053a8       0x1c board/freescale/imx8mq_evk/built-in.o
                0x00000000402053a8                usb_gadget_handle_interrupts
 .text.board_usb_init
                0x00000000402053c4       0xe4 board/freescale/imx8mq_evk/built-in.o
                0x00000000402053c4                board_usb_init
 .text.board_usb_cleanup
                0x00000000402054a8       0x40 board/freescale/imx8mq_evk/built-in.o
                0x00000000402054a8                board_usb_cleanup
 .text.board_init
                0x00000000402054e8      0x134 board/freescale/imx8mq_evk/built-in.o
                0x00000000402054e8                board_init
 .text.board_late_init
                0x000000004020561c       0x18 board/freescale/imx8mq_evk/built-in.o
                0x000000004020561c                board_late_init
 .text.do_go_exec
                0x0000000040205634       0x10 cmd/built-in.o
                0x0000000040205634                do_go_exec
 .text.do_go    0x0000000040205644       0x88 cmd/built-in.o
 .text.do_bootm
                0x00000000402056cc      0x104 cmd/built-in.o
                0x00000000402056cc                do_bootm
 .text.do_bootd
                0x00000000402057d0       0x2c cmd/built-in.o
                0x00000000402057d0                do_bootd
 .text.image_info
                0x00000000402057fc      0x148 cmd/built-in.o
 .text.do_iminfo
                0x0000000040205944       0x7c cmd/built-in.o
 .text.bootm_maybe_autostart
                0x00000000402059c0       0x74 cmd/built-in.o
                0x00000000402059c0                bootm_maybe_autostart
 .text.do_help  0x0000000040205a34       0x44 cmd/built-in.o
 .text.do_version
                0x0000000040205a78       0x40 cmd/built-in.o
 .text.blk_common_cmd
                0x0000000040205ab8      0x32c cmd/built-in.o
                0x0000000040205ab8                blk_common_cmd
 .text.source   0x0000000040205de4      0x204 cmd/built-in.o
                0x0000000040205de4                source
 .text.do_source
                0x0000000040205fe8       0x78 cmd/built-in.o
 .text.print_num
                0x0000000040206060       0x18 cmd/built-in.o
 .text.do_bdinfo
                0x0000000040206078      0x134 cmd/built-in.o
 .text.do_blkcache
                0x00000000402061ac       0x80 cmd/built-in.o
 .text.blkc_configure
                0x000000004020622c       0x78 cmd/built-in.o
 .text.blkc_show
                0x00000000402062a4       0x34 cmd/built-in.o
 .text.efi_install_fdt
                0x00000000402062d8      0x230 cmd/built-in.o
 .text.do_bootefi_exec
                0x0000000040206508      0x240 cmd/built-in.o
 .text.allow_unaligned
                0x0000000040206748        0x4 cmd/built-in.o
                0x0000000040206748                allow_unaligned
 .text.do_bootefi
                0x000000004020674c      0x164 cmd/built-in.o
 .text.efi_set_bootdev
                0x00000000402068b0       0x84 cmd/built-in.o
                0x00000000402068b0                efi_set_bootdev
 .text.do_booti
                0x0000000040206934      0x110 cmd/built-in.o
                0x0000000040206934                do_booti
 .text.parse_argv
                0x0000000040206a44       0x68 cmd/built-in.o
 .text.do_icache
                0x0000000040206aac       0x98 cmd/built-in.o
 .text.do_dcache
                0x0000000040206b44       0x98 cmd/built-in.o
 .text.do_coninfo
                0x0000000040206bdc       0xdc cmd/built-in.o
 .text.do_dm_dump_devres
                0x0000000040206cb8        0x8 cmd/built-in.o
 .text.do_dm    0x0000000040206cc0       0x94 cmd/built-in.o
 .text.do_dm_dump_uclass
                0x0000000040206d54       0x18 cmd/built-in.o
 .text.do_dm_dump_all
                0x0000000040206d6c       0x18 cmd/built-in.o
 .text.do_echo  0x0000000040206d84       0xd4 cmd/built-in.o
 .text.load_elf_image_phdr
                0x0000000040206e58      0x130 cmd/built-in.o
 .text.valid_elf_image
                0x0000000040206f88       0x58 cmd/built-in.o
                0x0000000040206f88                valid_elf_image
 .text.do_bootelf
                0x0000000040206fe0      0x290 cmd/built-in.o
                0x0000000040206fe0                do_bootelf
 .text.do_bootvx
                0x0000000040207270      0x334 cmd/built-in.o
                0x0000000040207270                do_bootvx
 .text.do_exit  0x00000000402075a4       0x40 cmd/built-in.o
 .text.do_ext4_size
                0x00000000402075e4        0x8 cmd/built-in.o
                0x00000000402075e4                do_ext4_size
 .text.do_ext4_load
                0x00000000402075ec        0x8 cmd/built-in.o
                0x00000000402075ec                do_ext4_load
 .text.do_ext4_ls
                0x00000000402075f4        0x8 cmd/built-in.o
                0x00000000402075f4                do_ext4_ls
 .text.do_ext4_write
                0x00000000402075fc        0x8 cmd/built-in.o
                0x00000000402075fc                do_ext4_write
 .text.do_ext2load
                0x0000000040207604        0x8 cmd/built-in.o
                0x0000000040207604                do_ext2load
 .text.do_ext2ls
                0x000000004020760c        0x8 cmd/built-in.o
 .text.do_fat_size
                0x0000000040207614        0x8 cmd/built-in.o
                0x0000000040207614                do_fat_size
 .text.do_fat_fsload
                0x000000004020761c        0x8 cmd/built-in.o
                0x000000004020761c                do_fat_fsload
 .text.do_fat_ls
                0x0000000040207624        0x8 cmd/built-in.o
 .text.do_fat_fsinfo
                0x000000004020762c       0x94 cmd/built-in.o
 .text.do_fat_fswrite
                0x00000000402076c0      0x148 cmd/built-in.o
 .text.do_fat_rm
                0x0000000040207808        0x8 cmd/built-in.o
 .text.do_fat_mkdir
                0x0000000040207810        0x8 cmd/built-in.o
 .text.fdt_valid
                0x0000000040207818       0xcc cmd/built-in.o
 .text.is_printable_string
                0x00000000402078e4       0x80 cmd/built-in.o
 .text.print_data
                0x0000000040207964      0x1bc cmd/built-in.o
 .text.set_working_fdt_addr
                0x0000000040207b20       0x18 cmd/built-in.o
                0x0000000040207b20                set_working_fdt_addr
 .text.do_fdt   0x0000000040207b38      0xfbc cmd/built-in.o
 .text.do_flinfo
                0x0000000040208af4        0x8 cmd/built-in.o
 .text.do_protect
                0x0000000040208afc        0xc cmd/built-in.o
 .text.do_flerase
                0x0000000040208b08        0x8 cmd/built-in.o
 .text.strtou32
                0x0000000040208b10       0x54 cmd/built-in.o
 .text.do_fuse  0x0000000040208b64      0x364 cmd/built-in.o
 .text.gpio_get_description
                0x0000000040208ec8       0xd8 cmd/built-in.o
 .text.do_gpio  0x0000000040208fa0      0x358 cmd/built-in.o
 .text.do_i2c   0x00000000402092f8       0x80 cmd/built-in.o
 .text.i2c_get_cur_bus
                0x0000000040209378       0x38 cmd/built-in.o
 .text.do_i2c_bus_speed
                0x00000000402093b0       0xb0 cmd/built-in.o
 .text.do_i2c_reset
                0x0000000040209460       0x38 cmd/built-in.o
 .text.i2c_get_cur_bus_chip
                0x0000000040209498       0x40 cmd/built-in.o
 .text.do_i2c_probe
                0x00000000402094d8       0xcc cmd/built-in.o
 .text.do_i2c_bus_num
                0x00000000402095a4       0xb4 cmd/built-in.o
 .text.show_bus
                0x0000000040209658       0x98 cmd/built-in.o
 .text.do_i2c_olen
                0x00000000402096f0       0xb8 cmd/built-in.o
 .text.do_i2c_flags
                0x00000000402097a8       0xcc cmd/built-in.o
 .text.do_i2c_show_bus
                0x0000000040209874       0xc0 cmd/built-in.o
 .text.get_alen.constprop.11
                0x0000000040209934       0x38 cmd/built-in.o
 .text.do_i2c_crc
                0x000000004020996c      0x17c cmd/built-in.o
 .text.mod_i2c_mem.isra.6.part.7
                0x0000000040209ae8      0x23c cmd/built-in.o
 .text.do_i2c_nm
                0x0000000040209d24       0x1c cmd/built-in.o
 .text.do_i2c_md
                0x0000000040209d40      0x234 cmd/built-in.o
 .text.do_i2c_read
                0x0000000040209f74      0x104 cmd/built-in.o
 .text.do_i2c_mw
                0x000000004020a078      0x144 cmd/built-in.o
 .text.do_i2c_write
                0x000000004020a1bc      0x1cc cmd/built-in.o
 .text.do_i2c_loop
                0x000000004020a388      0x14c cmd/built-in.o
 .text.do_i2c_mm
                0x000000004020a4d4       0x1c cmd/built-in.o
 .text.evalexp  0x000000004020a4f0       0x94 cmd/built-in.o
 .text.evalstr  0x000000004020a584       0x5c cmd/built-in.o
 .text.binary_test
                0x000000004020a5e0      0x198 cmd/built-in.o
 .text.do_itest
                0x000000004020a778       0x90 cmd/built-in.o
 .text.bin_data_init
                0x000000004020a808       0x1c cmd/built-in.o
 .text.k_data_save
                0x000000004020a824       0x34 cmd/built-in.o
 .text.k_data_restore
                0x000000004020a858       0x34 cmd/built-in.o
 .text.getcxmodem
                0x000000004020a88c       0x24 cmd/built-in.o
 .text.load_serial_ymodem
                0x000000004020a8b0       0xf0 cmd/built-in.o
 .text.bin_data_char
                0x000000004020a9a0       0x28 cmd/built-in.o
 .text.chk1.constprop.1
                0x000000004020a9c8       0x34 cmd/built-in.o
 .text.s1_sendpacket.constprop.2
                0x000000004020a9fc       0x5c cmd/built-in.o
 .text.load_serial
                0x000000004020aa58      0x1dc cmd/built-in.o
 .text.do_load_serial
                0x000000004020ac34       0xe0 cmd/built-in.o
 .text.do_load_serial_bin
                0x000000004020ad14      0x79c cmd/built-in.o
 .text.do_mem_md
                0x000000004020b4b0       0xf8 cmd/built-in.o
 .text.do_mem_base
                0x000000004020b5a8       0x4c cmd/built-in.o
 .text.do_mem_mtest
                0x000000004020b5f4      0x230 cmd/built-in.o
 .text.do_mem_loop
                0x000000004020b824      0x128 cmd/built-in.o
 .text.do_mem_cmp
                0x000000004020b94c      0x1a8 cmd/built-in.o
 .text.mod_mem.isra.2.part.3
                0x000000004020baf4      0x1b8 cmd/built-in.o
 .text.do_mem_mm
                0x000000004020bcac       0x1c cmd/built-in.o
 .text.do_mem_mw
                0x000000004020bcc8      0x108 cmd/built-in.o
 .text.do_mem_cp
                0x000000004020bdd0       0xc0 cmd/built-in.o
 .text.do_mem_nm
                0x000000004020be90       0x1c cmd/built-in.o
 .text.extract_range
                0x000000004020beac       0xf8 cmd/built-in.o
 .text.do_mii   0x000000004020bfa4      0x8f4 cmd/built-in.o
 .text.do_mdio  0x000000004020c898      0x4a0 cmd/built-in.o
 .text.do_sleep
                0x000000004020cd38       0xe8 cmd/built-in.o
 .text.do_mmcops
                0x000000004020ce20       0xe4 cmd/built-in.o
 .text.init_mmc_device
                0x000000004020cf04       0x84 cmd/built-in.o
 .text.do_mmc_rst_func
                0x000000004020cf88       0xa8 cmd/built-in.o
 .text.do_mmc_rescan
                0x000000004020d030       0x28 cmd/built-in.o
 .text.do_mmc_partconf
                0x000000004020d058      0x110 cmd/built-in.o
 .text.do_mmc_bootbus
                0x000000004020d168       0xc8 cmd/built-in.o
 .text.do_mmc_hwpartition
                0x000000004020d230      0x4ec cmd/built-in.o
 .text.do_mmc_list
                0x000000004020d71c       0x1c cmd/built-in.o
 .text.do_mmc_dev
                0x000000004020d738      0x14c cmd/built-in.o
 .text.do_mmcinfo
                0x000000004020d884      0x3b4 cmd/built-in.o
 .text.do_mmc_setdsr
                0x000000004020dc38       0xbc cmd/built-in.o
 .text.do_mmc_boot_resize
                0x000000004020dcf4       0xe0 cmd/built-in.o
 .text.do_mmc_part
                0x000000004020ddd4       0x64 cmd/built-in.o
 .text.do_mmc_erase
                0x000000004020de38      0x104 cmd/built-in.o
 .text.do_mmc_write
                0x000000004020df3c      0x124 cmd/built-in.o
 .text.do_mmc_read
                0x000000004020e060       0xfc cmd/built-in.o
 .text.netboot_common
                0x000000004020e15c      0x2bc cmd/built-in.o
 .text.do_bootp
                0x000000004020e418        0xc cmd/built-in.o
 .text.do_dhcp  0x000000004020e424        0xc cmd/built-in.o
 .text.do_nfs   0x000000004020e430        0xc cmd/built-in.o
 .text.do_tftpb
                0x000000004020e43c       0x58 cmd/built-in.o
                0x000000004020e43c                do_tftpb
 .text.do_ping  0x000000004020e494       0x7c cmd/built-in.o
 .text.efi_dump_single_var
                0x000000004020e510      0x15c cmd/built-in.o
 .text.do_env_print_efi
                0x000000004020e66c      0x1b0 cmd/built-in.o
                0x000000004020e66c                do_env_print_efi
 .text.do_env_set_efi
                0x000000004020e81c      0x3c0 cmd/built-in.o
                0x000000004020e81c                do_env_set_efi
 .text.do_pinmux
                0x000000004020ebdc       0x7c cmd/built-in.o
 .text.do_list  0x000000004020ec58      0x148 cmd/built-in.o
 .text.show_pinmux
                0x000000004020eda0       0xec cmd/built-in.o
 .text.do_status
                0x000000004020ee8c      0x3b0 cmd/built-in.o
 .text.do_dev   0x000000004020f23c      0x150 cmd/built-in.o
 .text.do_raw_read
                0x000000004020f38c      0x18c cmd/built-in.o
                0x000000004020f38c                do_raw_read
 .text.bytes_per_second
                0x000000004020f518       0x4c cmd/built-in.o
 .text.do_spi_flash
                0x000000004020f564      0x7c8 cmd/built-in.o
 .text.substitute
                0x000000004020fd2c      0x118 cmd/built-in.o
 .text.get_arg  0x000000004020fe44       0x68 cmd/built-in.o
 .text.regex_sub.part.1
                0x000000004020feac      0x2c4 cmd/built-in.o
 .text.do_setexpr
                0x0000000040210170      0x1a8 cmd/built-in.o
 .text.do_false
                0x0000000040210318        0x8 cmd/built-in.o
 .text.do_true  0x0000000040210320        0x8 cmd/built-in.o
 .text.do_test  0x0000000040210328      0x35c cmd/built-in.o
 .text.do_unzip
                0x0000000040210684       0xbc cmd/built-in.o
 .text.do_gzwrite
                0x0000000040210740      0x118 cmd/built-in.o
 .text.do_lzmadec
                0x0000000040210858       0xbc cmd/built-in.o
 .text.usb_get_class_desc
                0x0000000040210914       0xc0 cmd/built-in.o
 .text.usb_display_class_sub
                0x00000000402109d4      0x18c cmd/built-in.o
 .text.usb_display_desc
                0x0000000040210b60      0x144 cmd/built-in.o
 .text.usb_show_tree_graph
                0x0000000040210ca4      0x234 cmd/built-in.o
 .text.usb_show_subtree
                0x0000000040210ed8       0x38 cmd/built-in.o
 .text.usb_for_each_root_dev
                0x0000000040210f10       0x68 cmd/built-in.o
 .text.usb_display_string
                0x0000000040210f78       0x4c cmd/built-in.o
 .text.usb_display_config
                0x0000000040210fc4      0x254 cmd/built-in.o
 .text.usb_show_info
                0x0000000040211218       0x78 cmd/built-in.o
 .text.usb_find_device
                0x0000000040211290       0xb0 cmd/built-in.o
 .text.do_usbboot
                0x0000000040211340        0xc cmd/built-in.o
 .text.do_usb_start
                0x000000004021134c       0x30 cmd/built-in.o
 .text.usb_show_tree
                0x000000004021137c        0xc cmd/built-in.o
                0x000000004021137c                usb_show_tree
 .text.do_usb   0x0000000040211388      0x404 cmd/built-in.o
 .text.common_diskboot
                0x000000004021178c      0x2a4 cmd/built-in.o
                0x000000004021178c                common_diskboot
 .text.do_fastboot
                0x0000000040211a30      0x20c cmd/built-in.o
 .text.ums_fini
                0x0000000040211c3c       0x70 cmd/built-in.o
 .text.ums_write_sector
                0x0000000040211cac       0x20 cmd/built-in.o
 .text.ums_read_sector
                0x0000000040211ccc       0x20 cmd/built-in.o
 .text.do_usb_mass_storage
                0x0000000040211cec      0x340 cmd/built-in.o
 .text.do_imgextract
                0x000000004021202c      0x3bc cmd/built-in.o
 .text.del_gpt_info
                0x00000000402123e8       0x48 cmd/built-in.o
 .text.extract_val
                0x0000000040212430       0xa0 cmd/built-in.o
 .text.calc_parts_list_len
                0x00000000402124d0       0xa4 cmd/built-in.o
 .text.extract_env
                0x0000000040212574       0xf8 cmd/built-in.o
 .text.get_gpt_info
                0x000000004021266c      0x12c cmd/built-in.o
 .text.create_gpt_partitions_list.isra.1
                0x0000000040212798      0x148 cmd/built-in.o
 .text.set_gpt_info.isra.0
                0x00000000402128e0      0x3fc cmd/built-in.o
 .text.print_gpt_info
                0x0000000040212cdc       0xec cmd/built-in.o
 .text.do_gpt   0x0000000040212dc8      0x6a4 cmd/built-in.o
 .text.do_regulator
                0x000000004021346c       0x7c cmd/built-in.o
 .text.failure  0x00000000402134e8       0x28 cmd/built-in.o
 .text.constraint
                0x0000000040213510       0x84 cmd/built-in.o
 .text.curr_dev_and_platdata
                0x0000000040213594       0xa0 cmd/built-in.o
 .text.do_disable
                0x0000000040213634       0x68 cmd/built-in.o
 .text.do_enable
                0x000000004021369c       0x68 cmd/built-in.o
 .text.do_mode  0x0000000040213704       0xd0 cmd/built-in.o
 .text.do_current
                0x00000000402137d4      0x104 cmd/built-in.o
 .text.do_value
                0x00000000402138d8      0x144 cmd/built-in.o
 .text.do_info  0x0000000040213a1c      0x1d4 cmd/built-in.o
 .text.do_env_delete
                0x0000000040213bf0       0xc0 cmd/built-in.o
 .text._do_env_set
                0x0000000040213cb0      0x1f4 cmd/built-in.o
 .text.do_env_set
                0x0000000040213ea4       0x24 cmd/built-in.o
 .text.do_env_save
                0x0000000040213ec8       0x1c cmd/built-in.o
 .text.do_env   0x0000000040213ee4       0x80 cmd/built-in.o
 .text.env_print
                0x0000000040213f64       0xc4 cmd/built-in.o
 .text.do_env_print
                0x0000000040214028      0x104 cmd/built-in.o
 .text.do_env_default
                0x000000004021412c       0x98 cmd/built-in.o
 .text.do_env_exists
                0x00000000402141c4       0x60 cmd/built-in.o
 .text.get_env_id
                0x0000000040214224        0xc cmd/built-in.o
                0x0000000040214224                get_env_id
 .text.env_set  0x0000000040214230       0x58 cmd/built-in.o
                0x0000000040214230                env_set
 .text.env_set_ulong
                0x0000000040214288       0x2c cmd/built-in.o
                0x0000000040214288                env_set_ulong
 .text.env_set_hex
                0x00000000402142b4       0x3c cmd/built-in.o
                0x00000000402142b4                env_set_hex
 .text.eth_parse_enetaddr
                0x00000000402142f0       0x70 cmd/built-in.o
                0x00000000402142f0                eth_parse_enetaddr
 .text.envmatch
                0x0000000040214360       0x7c cmd/built-in.o
                0x0000000040214360                envmatch
 .text.env_get_f
                0x00000000402143dc       0xfc cmd/built-in.o
                0x00000000402143dc                env_get_f
 .text.env_get  0x00000000402144d8       0x70 cmd/built-in.o
                0x00000000402144d8                env_get
 .text.env_get_hex
                0x0000000040214548       0x44 cmd/built-in.o
                0x0000000040214548                env_get_hex
 .text.eth_env_get_enetaddr
                0x000000004021458c       0x68 cmd/built-in.o
                0x000000004021458c                eth_env_get_enetaddr
 .text.eth_env_set_enetaddr
                0x00000000402145f4       0x54 cmd/built-in.o
                0x00000000402145f4                eth_env_set_enetaddr
 .text.env_get_ulong
                0x0000000040214648       0x40 cmd/built-in.o
                0x0000000040214648                env_get_ulong
 .text.do_env_edit.part.3
                0x0000000040214688       0xb8 cmd/built-in.o
 .text.do_env_edit
                0x0000000040214740       0x28 cmd/built-in.o
 .text.board_init_f_alloc_reserve
                0x0000000040214768       0x10 common/built-in.o
                0x0000000040214768                board_init_f_alloc_reserve
 .text.board_init_f_init_reserve
                0x0000000040214778       0x30 common/built-in.o
                0x0000000040214778                board_init_f_init_reserve
 .text.show_boot_progress
                0x00000000402147a8        0x8 common/built-in.o
                0x00000000402147a8                show_boot_progress
 .text.main_loop
                0x00000000402147b0       0x4c common/built-in.o
                0x00000000402147b0                main_loop
 .text.mdelay   0x00000000402147fc        0xc common/built-in.o
 .text.dummy    0x0000000040214808        0x4 common/built-in.o
 .text.get_version
                0x000000004021480c        0x8 common/built-in.o
                0x000000004021480c                get_version
 .text.jumptable_init
                0x0000000040214814      0x1e8 common/built-in.o
                0x0000000040214814                jumptable_init
 .text.b_reset  0x00000000402149fc       0x18 common/built-in.o
 .text.static_get
                0x0000000040214a14       0x1c common/built-in.o
 .text.static_peek
                0x0000000040214a30        0xc common/built-in.o
 .text.mapset   0x0000000040214a3c       0x20 common/built-in.o
 .text.syntax_err
                0x0000000040214a5c        0xc common/built-in.o
 .text.free_pipe_list
                0x0000000040214a68       0xf0 common/built-in.o
 .text.xmalloc  0x0000000040214b58       0x28 common/built-in.o
 .text.new_pipe
                0x0000000040214b80       0x24 common/built-in.o
 .text.xrealloc
                0x0000000040214ba4       0x28 common/built-in.o
 .text.done_command
                0x0000000040214bcc       0x94 common/built-in.o
 .text.done_pipe
                0x0000000040214c60       0x58 common/built-in.o
 .text.done_word
                0x0000000040214cb8      0x2a0 common/built-in.o
 .text.is_assignment
                0x0000000040214f58       0x4c common/built-in.o
 .text.file_get
                0x0000000040214fa4      0x1f4 common/built-in.o
 .text.do_showvar
                0x0000000040215198      0x10c common/built-in.o
 .text.b_addchr
                0x00000000402152a4       0x94 common/built-in.o
 .text.b_addqchr
                0x0000000040215338       0x58 common/built-in.o
 .text.file_peek
                0x0000000040215390        0xc common/built-in.o
 .text.get_local_var
                0x000000004021539c       0x9c common/built-in.o
                0x000000004021539c                get_local_var
 .text.set_local_var
                0x0000000040215438      0x1a4 common/built-in.o
                0x0000000040215438                set_local_var
 .text.insert_var_value_sub
                0x00000000402155dc      0x2c0 common/built-in.o
 .text.parse_string_outer
                0x000000004021589c       0xe4 common/built-in.o
                0x000000004021589c                parse_string_outer
 .text.run_list_real
                0x0000000040215980      0x720 common/built-in.o
 .text.parse_stream_outer
                0x00000000402160a0      0x660 common/built-in.o
 .text.parse_file_outer
                0x0000000040216700       0x40 common/built-in.o
                0x0000000040216700                parse_file_outer
 .text.u_boot_hush_start
                0x0000000040216740       0x58 common/built-in.o
                0x0000000040216740                u_boot_hush_start
 .text.bootdelay_process
                0x0000000040216798      0x1ac common/built-in.o
                0x0000000040216798                bootdelay_process
 .text.autoboot_command
                0x0000000040216944      0x114 common/built-in.o
                0x0000000040216944                autoboot_command
 .text.log_init
                0x0000000040216a58       0x10 common/built-in.o
 .text.display_text_info
                0x0000000040216a68        0x8 common/built-in.o
 .text.setup_mon_len
                0x0000000040216a70       0x20 common/built-in.o
 .text.reserve_round_4k
                0x0000000040216a90       0x14 common/built-in.o
 .text.reserve_uboot
                0x0000000040216aa4       0x38 common/built-in.o
 .text.reserve_malloc
                0x0000000040216adc       0x14 common/built-in.o
 .text.reserve_global_data
                0x0000000040216af0       0x1c common/built-in.o
 .text.reserve_fdt
                0x0000000040216b0c       0x48 common/built-in.o
 .text.dram_init_banksize
                0x0000000040216b54       0x34 common/built-in.o
                0x0000000040216b54                dram_init_banksize
 .text.reserve_mmu
                0x0000000040216b88       0x4c common/built-in.o
                0x0000000040216b88                reserve_mmu
 .text.setup_reloc
                0x0000000040216bd4       0x48 common/built-in.o
 .text.reloc_fdt
                0x0000000040216c1c       0x44 common/built-in.o
 .text.reserve_board
                0x0000000040216c60       0x48 common/built-in.o
 .text.announce_dram_init
                0x0000000040216ca8       0x20 common/built-in.o
 .text.init_baud_rate
                0x0000000040216cc8       0x30 common/built-in.o
 .text.initf_dm
                0x0000000040216cf8        0x8 common/built-in.o
 .text.initf_bootstage
                0x0000000040216d00       0x1c common/built-in.o
 .text.arch_cpu_init_dm
                0x0000000040216d1c        0x8 common/built-in.o
                0x0000000040216d1c                arch_cpu_init_dm
 .text.setup_spl_handoff
                0x0000000040216d24        0x8 common/built-in.o
 .text.mach_cpu_init
                0x0000000040216d2c        0x8 common/built-in.o
                0x0000000040216d2c                mach_cpu_init
 .text.reserve_video
                0x0000000040216d34        0x8 common/built-in.o
 .text.reserve_trace
                0x0000000040216d3c        0x8 common/built-in.o
 .text.setup_machine
                0x0000000040216d44        0x8 common/built-in.o
 .text.reserve_bootstage
                0x0000000040216d4c        0x8 common/built-in.o
 .text.reserve_bloblist
                0x0000000040216d54        0x8 common/built-in.o
 .text.display_new_sp
                0x0000000040216d5c        0x8 common/built-in.o
 .text.reloc_bootstage
                0x0000000040216d64        0x8 common/built-in.o
 .text.reloc_bloblist
                0x0000000040216d6c        0x8 common/built-in.o
 .text.initf_console_record
                0x0000000040216d74        0x8 common/built-in.o
 .text.reserve_arch
                0x0000000040216d7c        0x8 common/built-in.o
                0x0000000040216d7c                reserve_arch
 .text.board_add_ram_info
                0x0000000040216d84        0x4 common/built-in.o
                0x0000000040216d84                board_add_ram_info
 .text.show_dram_config
                0x0000000040216d88       0x58 common/built-in.o
 .text.board_get_usable_ram_top
                0x0000000040216de0       0x20 common/built-in.o
                0x0000000040216de0                board_get_usable_ram_top
 .text.setup_dest_addr
                0x0000000040216e00       0x4c common/built-in.o
 .text.reserve_stacks
                0x0000000040216e4c       0x1c common/built-in.o
 .text.board_init_f
                0x0000000040216e68       0x84 common/built-in.o
                0x0000000040216e68                board_init_f
 .text.initr_trace
                0x0000000040216eec        0x8 common/built-in.o
 .text.initr_reloc
                0x0000000040216ef4       0x18 common/built-in.o
 .text.run_main_loop
                0x0000000040216f0c       0x10 common/built-in.o
 .text.initr_check_fastboot
                0x0000000040216f1c       0x18 common/built-in.o
 .text.initr_net
                0x0000000040216f34       0x24 common/built-in.o
 .text.initr_fastboot_setup
                0x0000000040216f58       0x18 common/built-in.o
 .text.initr_ethaddr
                0x0000000040216f70       0x28 common/built-in.o
 .text.initr_enable_interrupts
                0x0000000040216f98       0x18 common/built-in.o
 .text.initr_jumptable
                0x0000000040216fb0       0x18 common/built-in.o
 .text.initr_env
                0x0000000040216fc8       0x74 common/built-in.o
 .text.initr_mmc
                0x000000004021703c       0x28 common/built-in.o
 .text.initr_serial
                0x0000000040217064       0x18 common/built-in.o
 .text.initr_dm
                0x000000004021707c       0x14 common/built-in.o
 .text.initr_bootstage
                0x0000000040217090       0x1c common/built-in.o
 .text.initr_malloc
                0x00000000402170ac       0x24 common/built-in.o
 .text.initr_reloc_global_data
                0x00000000402170d0       0x4c common/built-in.o
 .text.initr_caches
                0x000000004021711c       0x18 common/built-in.o
 .text.bootstage_relocate
                0x0000000040217134        0x8 common/built-in.o
 .text.initr_barrier
                0x000000004021713c        0x8 common/built-in.o
 .text.initr_console_record
                0x0000000040217144        0x8 common/built-in.o
 .text.power_init_board
                0x000000004021714c        0x8 common/built-in.o
                0x000000004021714c                power_init_board
 .text.initr_announce
                0x0000000040217154        0x8 common/built-in.o
 .text.cpu_secondary_init_r
                0x000000004021715c        0x4 common/built-in.o
                0x000000004021715c                cpu_secondary_init_r
 .text.initr_secondary_cpu
                0x0000000040217160       0x18 common/built-in.o
 .text.board_init_r
                0x0000000040217178       0x78 common/built-in.o
                0x0000000040217178                board_init_r
 .text.checkboard
                0x00000000402171f0        0x8 common/built-in.o
                0x00000000402171f0                checkboard
 .text.show_board_info
                0x00000000402171f8       0x3c common/built-in.o
                0x00000000402171f8                show_board_info
 .text.bootm_find_images
                0x0000000040217234       0xcc common/built-in.o
                0x0000000040217234                bootm_find_images
 .text.bootm_decomp_image
                0x0000000040217300      0x1a8 common/built-in.o
                0x0000000040217300                bootm_decomp_image
 .text.bootm_disable_interrupts
                0x00000000402174a8       0x28 common/built-in.o
                0x00000000402174a8                bootm_disable_interrupts
 .text.do_bootm_states
                0x00000000402174d0      0x8e8 common/built-in.o
                0x00000000402174d0                do_bootm_states
 .text.do_bootm_rtems
                0x0000000040217db8       0x60 common/built-in.o
 .text.do_bootm_vxworks
                0x0000000040217e18      0x138 common/built-in.o
                0x0000000040217e18                do_bootm_vxworks
 .text.do_bootm_standalone
                0x0000000040217f50       0x74 common/built-in.o
 .text.do_bootm_qnxelf
                0x0000000040217fc4       0x8c common/built-in.o
 .text.do_bootm_plan9
                0x0000000040218050       0xf4 common/built-in.o
 .text.board_preboot_os
                0x0000000040218144        0x4 common/built-in.o
                0x0000000040218144                board_preboot_os
 .text.boot_selected_os
                0x0000000040218148       0x7c common/built-in.o
                0x0000000040218148                boot_selected_os
 .text.bootm_os_get_boot_func
                0x00000000402181c4       0x10 common/built-in.o
                0x00000000402181c4                bootm_os_get_boot_func
 .text.of_bus_default_map
                0x00000000402181d4       0xa8 common/built-in.o
 .text.of_bus_default_translate
                0x000000004021827c       0xb8 common/built-in.o
 .text.fdt_support_default_count_cells
                0x0000000040218334       0x70 common/built-in.o
                0x0000000040218334                fdt_support_default_count_cells
 .text.fdt_find_and_setprop
                0x00000000402183a4       0x94 common/built-in.o
                0x00000000402183a4                fdt_find_and_setprop
 .text.fdt_find_or_add_subnode
                0x0000000040218438       0x74 common/built-in.o
                0x0000000040218438                fdt_find_or_add_subnode
 .text.fdt_root
                0x00000000402184ac       0x98 common/built-in.o
                0x00000000402184ac                fdt_root
 .text.fdt_initrd
                0x0000000040218544      0x1b4 common/built-in.o
                0x0000000040218544                fdt_initrd
 .text.fdt_chosen
                0x00000000402186f8       0xbc common/built-in.o
                0x00000000402186f8                fdt_chosen
 .text.do_fixup_by_path
                0x00000000402187b4       0x4c common/built-in.o
                0x00000000402187b4                do_fixup_by_path
 .text.fdt_fixup_memory_banks
                0x0000000040218800      0x234 common/built-in.o
                0x0000000040218800                fdt_fixup_memory_banks
 .text.fdt_fixup_memory
                0x0000000040218a34       0x24 common/built-in.o
                0x0000000040218a34                fdt_fixup_memory
 .text.fdt_fixup_ethernet
                0x0000000040218a58      0x1ac common/built-in.o
                0x0000000040218a58                fdt_fixup_ethernet
 .text.fdt_shrink_to_minimum
                0x0000000040218c04       0xc8 common/built-in.o
                0x0000000040218c04                fdt_shrink_to_minimum
 .text.fdt_increase_size
                0x0000000040218ccc       0x14 common/built-in.o
                0x0000000040218ccc                fdt_increase_size
 .text.fdt_translate_address
                0x0000000040218ce0      0x268 common/built-in.o
                0x0000000040218ce0                fdt_translate_address
 .text.miiphy_get_dev_by_name
                0x0000000040218f48       0x68 common/built-in.o
                0x0000000040218f48                miiphy_get_dev_by_name
 .text.miiphy_init
                0x0000000040218fb0       0x1c common/built-in.o
                0x0000000040218fb0                miiphy_init
 .text.mdio_alloc
                0x0000000040218fcc       0x3c common/built-in.o
                0x0000000040218fcc                mdio_alloc
 .text.mdio_free
                0x0000000040219008        0x4 common/built-in.o
                0x0000000040219008                mdio_free
 .text.mdio_register
                0x000000004021900c       0x8c common/built-in.o
                0x000000004021900c                mdio_register
 .text.mdio_unregister
                0x0000000040219098       0x30 common/built-in.o
                0x0000000040219098                mdio_unregister
 .text.mdio_list_devices
                0x00000000402190c8       0xc8 common/built-in.o
                0x00000000402190c8                mdio_list_devices
 .text.miiphy_set_current_dev
                0x0000000040219190       0x48 common/built-in.o
                0x0000000040219190                miiphy_set_current_dev
 .text.miiphy_get_active_dev
                0x00000000402191d8       0x60 common/built-in.o
 .text.mdio_get_current_dev
                0x0000000040219238        0xc common/built-in.o
                0x0000000040219238                mdio_get_current_dev
 .text.mdio_phydev_for_ethname
                0x0000000040219244       0xa0 common/built-in.o
                0x0000000040219244                mdio_phydev_for_ethname
 .text.miiphy_get_current_dev
                0x00000000402192e4       0x14 common/built-in.o
                0x00000000402192e4                miiphy_get_current_dev
 .text.miiphy_read
                0x00000000402192f8       0x5c common/built-in.o
                0x00000000402192f8                miiphy_read
 .text.miiphy_write
                0x0000000040219354       0x5c common/built-in.o
                0x0000000040219354                miiphy_write
 .text.miiphy_listdev
                0x00000000402193b0       0x90 common/built-in.o
                0x00000000402193b0                miiphy_listdev
 .text.miiphy_info
                0x0000000040219440       0xa0 common/built-in.o
                0x0000000040219440                miiphy_info
 .text.miiphy_is_1000base_x
                0x00000000402194e0       0x40 common/built-in.o
                0x00000000402194e0                miiphy_is_1000base_x
 .text.miiphy_speed
                0x0000000040219520      0x11c common/built-in.o
                0x0000000040219520                miiphy_speed
 .text.miiphy_duplex
                0x000000004021963c      0x140 common/built-in.o
                0x000000004021963c                miiphy_duplex
 .text.usb_set_maxpacket_ep
                0x000000004021977c       0x84 common/built-in.o
 .text.usb_control_msg
                0x0000000040219800       0xa0 common/built-in.o
                0x0000000040219800                usb_control_msg
 .text.usb_get_descriptor
                0x00000000402198a0       0x5c common/built-in.o
 .text.get_descriptor_len
                0x00000000402198fc       0xa4 common/built-in.o
 .text.usb_setup_descriptor
                0x00000000402199a0       0xec common/built-in.o
 .text.usb_get_string
                0x0000000040219a8c       0xa4 common/built-in.o
 .text.usb_string_sub
                0x0000000040219b30      0x118 common/built-in.o
 .text.usb_bulk_msg
                0x0000000040219c48       0x80 common/built-in.o
                0x0000000040219c48                usb_bulk_msg
 .text.usb_maxpacket
                0x0000000040219cc8       0x1c common/built-in.o
                0x0000000040219cc8                usb_maxpacket
 .text.usb_clear_halt
                0x0000000040219ce4       0xa0 common/built-in.o
                0x0000000040219ce4                usb_clear_halt
 .text.usb_get_configuration_len
                0x0000000040219d84       0x78 common/built-in.o
                0x0000000040219d84                usb_get_configuration_len
 .text.usb_get_configuration_no
                0x0000000040219dfc       0x40 common/built-in.o
                0x0000000040219dfc                usb_get_configuration_no
 .text.usb_set_interface
                0x0000000040219e3c       0xc0 common/built-in.o
                0x0000000040219e3c                usb_set_interface
 .text.usb_string
                0x0000000040219efc      0x110 common/built-in.o
                0x0000000040219efc                usb_string
 .text.usb_select_config
                0x000000004021a00c      0x4ac common/built-in.o
                0x000000004021a00c                usb_select_config
 .text.usb_setup_device
                0x000000004021a4b8      0x114 common/built-in.o
                0x000000004021a4b8                usb_setup_device
 .text.usb_device_has_child_on_port
                0x000000004021a5cc        0x8 common/built-in.o
                0x000000004021a5cc                usb_device_has_child_on_port
 .text.usb_set_port_feature
                0x000000004021a5d4       0x4c common/built-in.o
 .text.usb_clear_port_feature
                0x000000004021a620       0x4c common/built-in.o
 .text.usb_get_hub_descriptor
                0x000000004021a66c       0x64 common/built-in.o
 .text.usb_hub_reset_devices
                0x000000004021a6d0        0x4 common/built-in.o
                0x000000004021a6d0                usb_hub_reset_devices
 .text.usb_hub_is_root_hub
                0x000000004021a6d4       0x20 common/built-in.o
                0x000000004021a6d4                usb_hub_is_root_hub
 .text.usb_get_port_status
                0x000000004021a6f4       0xc8 common/built-in.o
                0x000000004021a6f4                usb_get_port_status
 .text.usb_hub_port_connect_change
                0x000000004021a7bc      0x180 common/built-in.o
                0x000000004021a7bc                usb_hub_port_connect_change
 .text.usb_hub_configure
                0x000000004021a93c      0x5a0 common/built-in.o
 .text.usb_hub_scan
                0x000000004021aedc       0x14 common/built-in.o
                0x000000004021aedc                usb_hub_scan
 .text.usb_hub_post_probe
                0x000000004021aef0        0x4 common/built-in.o
 .text.usb_stor_irq
                0x000000004021aef4       0x18 common/built-in.o
 .text.usb_stor_BBB_reset
                0x000000004021af0c       0xec common/built-in.o
 .text.usb_stor_CB_reset
                0x000000004021aff8       0xd4 common/built-in.o
 .text.usb_stor_BBB_clear_endpt_stall.isra.0
                0x000000004021b0cc       0x4c common/built-in.o
 .text.usb_stor_BBB_transport
                0x000000004021b118      0x244 common/built-in.o
 .text.usb_stor_CB_comdat
                0x000000004021b35c      0x1ec common/built-in.o
 .text.usb_stor_CBI_get_status.isra.2
                0x000000004021b548       0xd0 common/built-in.o
 .text.usb_stor_CB_transport
                0x000000004021b618      0x1f4 common/built-in.o
 .text.usb_request_sense.constprop.11
                0x000000004021b80c       0x8c common/built-in.o
 .text.usb_stor_read
                0x000000004021b898      0x170 common/built-in.o
 .text.usb_stor_write
                0x000000004021ba08      0x170 common/built-in.o
 .text.usb_stor_info
                0x000000004021bb78       0x88 common/built-in.o
                0x000000004021bb78                usb_stor_info
 .text.usb_stor_reset
                0x000000004021bc00        0xc common/built-in.o
                0x000000004021bc00                usb_stor_reset
 .text.usb_stor_scan
                0x000000004021bc0c       0x4c common/built-in.o
                0x000000004021bc0c                usb_stor_scan
 .text.usb_storage_probe
                0x000000004021bc58      0x268 common/built-in.o
                0x000000004021bc58                usb_storage_probe
 .text.usb_stor_get_info
                0x000000004021bec0      0x2e8 common/built-in.o
                0x000000004021bec0                usb_stor_get_info
 .text.usb_mass_storage_probe
                0x000000004021c1a8      0x18c common/built-in.o
 .text.delete_char.part.0
                0x000000004021c334       0xfc common/built-in.o
 .text.cread_add_char
                0x000000004021c430      0x100 common/built-in.o
 .text.cli_readline_into_buffer
                0x000000004021c530      0x924 common/built-in.o
                0x000000004021c530                cli_readline_into_buffer
 .text.cli_readline
                0x000000004021ce54       0x14 common/built-in.o
                0x000000004021ce54                cli_readline
 .text.console_setfile
                0x000000004021ce68       0xbc common/built-in.o
 .text.fgetc.part.0
                0x000000004021cf24       0x3c common/built-in.o
 .text.getc     0x000000004021cf60       0x24 common/built-in.o
                0x000000004021cf60                getc
 .text.putc     0x000000004021cf84       0x34 common/built-in.o
                0x000000004021cf84                putc
 .text.puts     0x000000004021cfb8       0x30 common/built-in.o
                0x000000004021cfb8                puts
 .text.ftstc    0x000000004021cfe8       0x24 common/built-in.o
                0x000000004021cfe8                ftstc
 .text.tstc     0x000000004021d00c       0x24 common/built-in.o
                0x000000004021d00c                tstc
 .text.fputs    0x000000004021d030       0x20 common/built-in.o
                0x000000004021d030                fputs
 .text.ctrlc    0x000000004021d050       0x54 common/built-in.o
                0x000000004021d050                ctrlc
 .text.confirm_yesno
                0x000000004021d0a4       0xd8 common/built-in.o
                0x000000004021d0a4                confirm_yesno
 .text.disable_ctrlc
                0x000000004021d17c       0x14 common/built-in.o
                0x000000004021d17c                disable_ctrlc
 .text.had_ctrlc
                0x000000004021d190        0xc common/built-in.o
                0x000000004021d190                had_ctrlc
 .text.clear_ctrlc
                0x000000004021d19c        0xc common/built-in.o
                0x000000004021d19c                clear_ctrlc
 .text.search_device
                0x000000004021d1a8       0x34 common/built-in.o
                0x000000004021d1a8                search_device
 .text.console_assign
                0x000000004021d1dc       0x68 common/built-in.o
                0x000000004021d1dc                console_assign
 .text.on_console
                0x000000004021d244       0xc0 common/built-in.o
 .text.console_init_f
                0x000000004021d304       0x10 common/built-in.o
                0x000000004021d304                console_init_f
 .text.stdio_print_current_devices
                0x000000004021d314       0xbc common/built-in.o
                0x000000004021d314                stdio_print_current_devices
 .text.console_init_r
                0x000000004021d3d0       0xe0 common/built-in.o
                0x000000004021d3d0                console_init_r
 .text.sbrk     0x000000004021d4b0       0x74 common/built-in.o
                0x000000004021d4b0                sbrk
 .text.mem_malloc_init
                0x000000004021d524       0x28 common/built-in.o
                0x000000004021d524                mem_malloc_init
 .text.malloc_trim
                0x000000004021d54c       0xd8 common/built-in.o
                0x000000004021d54c                malloc_trim
 .text.free     0x000000004021d624      0x21c common/built-in.o
                0x000000004021d624                free
 .text.malloc   0x000000004021d840      0x628 common/built-in.o
                0x000000004021d840                malloc
 .text.calloc   0x000000004021de68      0x10c common/built-in.o
                0x000000004021de68                calloc
 .text.realloc  0x000000004021df74      0x460 common/built-in.o
                0x000000004021df74                realloc
 .text.memalign
                0x000000004021e3d4      0x1c0 common/built-in.o
                0x000000004021e3d4                memalign
 .text.initf_malloc
                0x000000004021e594       0x18 common/built-in.o
                0x000000004021e594                initf_malloc
 .text.alloc_simple
                0x000000004021e5ac       0x54 common/built-in.o
 .text.malloc_simple
                0x000000004021e600        0x8 common/built-in.o
                0x000000004021e600                malloc_simple
 .text.on_loadaddr
                0x000000004021e608       0x40 common/built-in.o
 .text.image_check_hcrc
                0x000000004021e648       0x50 common/built-in.o
                0x000000004021e648                image_check_hcrc
 .text.image_check_dcrc
                0x000000004021e698       0x44 common/built-in.o
                0x000000004021e698                image_check_dcrc
 .text.image_multi_count
                0x000000004021e6dc       0x1c common/built-in.o
                0x000000004021e6dc                image_multi_count
 .text.image_multi_getimg
                0x000000004021e6f8       0x84 common/built-in.o
                0x000000004021e6f8                image_multi_getimg
 .text.env_get_bootm_low
                0x000000004021e77c       0x34 common/built-in.o
                0x000000004021e77c                env_get_bootm_low
 .text.env_get_bootm_size
                0x000000004021e7b0       0x78 common/built-in.o
                0x000000004021e7b0                env_get_bootm_size
 .text.env_get_bootm_mapsize
                0x000000004021e828       0x30 common/built-in.o
                0x000000004021e828                env_get_bootm_mapsize
 .text.memmove_wd
                0x000000004021e858       0x10 common/built-in.o
                0x000000004021e858                memmove_wd
 .text.genimg_print_size
                0x000000004021e868       0x38 common/built-in.o
                0x000000004021e868                genimg_print_size
 .text.get_table_entry
                0x000000004021e8a0       0x20 common/built-in.o
                0x000000004021e8a0                get_table_entry
 .text.get_table_entry_name
                0x000000004021e8c0       0x28 common/built-in.o
                0x000000004021e8c0                get_table_entry_name
 .text.genimg_get_os_name
                0x000000004021e8e8       0x18 common/built-in.o
                0x000000004021e8e8                genimg_get_os_name
 .text.genimg_get_arch_name
                0x000000004021e900       0x18 common/built-in.o
                0x000000004021e900                genimg_get_arch_name
 .text.genimg_get_type_name
                0x000000004021e918       0x18 common/built-in.o
                0x000000004021e918                genimg_get_type_name
 .text.genimg_get_comp_name
                0x000000004021e930       0x18 common/built-in.o
                0x000000004021e930                genimg_get_comp_name
 .text.image_print_contents
                0x000000004021e948      0x1c4 common/built-in.o
                0x000000004021e948                image_print_contents
 .text.get_table_entry_id
                0x000000004021eb0c       0x50 common/built-in.o
                0x000000004021eb0c                get_table_entry_id
 .text.genimg_get_os_id
                0x000000004021eb5c       0x18 common/built-in.o
                0x000000004021eb5c                genimg_get_os_id
 .text.genimg_get_arch_id
                0x000000004021eb74       0x18 common/built-in.o
                0x000000004021eb74                genimg_get_arch_id
 .text.genimg_get_type_id
                0x000000004021eb8c       0x18 common/built-in.o
                0x000000004021eb8c                genimg_get_type_id
 .text.genimg_get_comp_id
                0x000000004021eba4       0x18 common/built-in.o
                0x000000004021eba4                genimg_get_comp_id
 .text.genimg_get_kernel_addr_fit
                0x000000004021ebbc       0x7c common/built-in.o
                0x000000004021ebbc                genimg_get_kernel_addr_fit
 .text.genimg_get_format
                0x000000004021ec38       0x5c common/built-in.o
                0x000000004021ec38                genimg_get_format
 .text.genimg_has_config
                0x000000004021ec94       0x10 common/built-in.o
                0x000000004021ec94                genimg_has_config
 .text.boot_get_ramdisk
                0x000000004021eca4      0x370 common/built-in.o
                0x000000004021eca4                boot_get_ramdisk
 .text.boot_ramdisk_high
                0x000000004021f014      0x138 common/built-in.o
                0x000000004021f014                boot_ramdisk_high
 .text.boot_get_setup
                0x000000004021f14c        0x4 common/built-in.o
                0x000000004021f14c                boot_get_setup
 .text.boot_get_loadable
                0x000000004021f150      0x19c common/built-in.o
                0x000000004021f150                boot_get_loadable
 .text.image_setup_linux
                0x000000004021f2ec       0x60 common/built-in.o
                0x000000004021f2ec                image_setup_linux
 .text.android_image_get_kernel
                0x000000004021f34c      0x57c common/built-in.o
                0x000000004021f34c                android_image_get_kernel
 .text.android_image_check_header
                0x000000004021f8c8       0x14 common/built-in.o
                0x000000004021f8c8                android_image_check_header
 .text.android_image_get_end
                0x000000004021f8dc       0xac common/built-in.o
                0x000000004021f8dc                android_image_get_end
 .text.android_image_get_kload
                0x000000004021f988       0x58 common/built-in.o
                0x000000004021f988                android_image_get_kload
 .text.android_image_get_ramdisk
                0x000000004021f9e0      0x128 common/built-in.o
                0x000000004021f9e0                android_image_get_ramdisk
 .text.android_image_get_second
                0x000000004021fb08      0x14c common/built-in.o
                0x000000004021fb08                android_image_get_second
 .text.android_print_contents
                0x000000004021fc54      0x210 common/built-in.o
                0x000000004021fc54                android_print_contents
 .text.fdt_error
                0x000000004021fe64       0x38 common/built-in.o
 .text.boot_fdt_reserve_region
                0x000000004021fe9c       0x50 common/built-in.o
 .text.boot_fdt_add_mem_rsv_regions
                0x000000004021feec       0xf4 common/built-in.o
                0x000000004021feec                boot_fdt_add_mem_rsv_regions
 .text.boot_relocate_fdt
                0x000000004021ffe0      0x1b4 common/built-in.o
                0x000000004021ffe0                boot_relocate_fdt
 .text.boot_get_fdt
                0x0000000040220194      0x3fc common/built-in.o
                0x0000000040220194                boot_get_fdt
 .text.ft_verify_fdt
                0x0000000040220590        0x8 common/built-in.o
                0x0000000040220590                ft_verify_fdt
 .text.image_setup_libfdt
                0x0000000040220598      0x148 common/built-in.o
                0x0000000040220598                image_setup_libfdt
 .text.fit_image_get_address
                0x00000000402206e0       0x84 common/built-in.o
 .text.fit_parse_conf
                0x0000000040220764       0x78 common/built-in.o
                0x0000000040220764                fit_parse_conf
 .text.fit_parse_subimage
                0x00000000402207dc       0x78 common/built-in.o
                0x00000000402207dc                fit_parse_subimage
 .text.fit_get_desc
                0x0000000040220854       0x38 common/built-in.o
                0x0000000040220854                fit_get_desc
 .text.fit_image_get_node
                0x000000004022088c       0x48 common/built-in.o
                0x000000004022088c                fit_image_get_node
 .text.fit_image_get_os
                0x00000000402208d4       0x4c common/built-in.o
                0x00000000402208d4                fit_image_get_os
 .text.fit_image_get_arch
                0x0000000040220920       0x4c common/built-in.o
                0x0000000040220920                fit_image_get_arch
 .text.fit_image_get_type
                0x000000004022096c       0x4c common/built-in.o
                0x000000004022096c                fit_image_get_type
 .text.fit_image_get_comp
                0x00000000402209b8       0x4c common/built-in.o
                0x00000000402209b8                fit_image_get_comp
 .text.fit_image_get_load
                0x0000000040220a04       0x10 common/built-in.o
                0x0000000040220a04                fit_image_get_load
 .text.fit_image_get_entry
                0x0000000040220a14       0x10 common/built-in.o
                0x0000000040220a14                fit_image_get_entry
 .text.fit_image_get_data
                0x0000000040220a24       0x50 common/built-in.o
                0x0000000040220a24                fit_image_get_data
 .text.fit_image_get_data_offset
                0x0000000040220a74       0x48 common/built-in.o
                0x0000000040220a74                fit_image_get_data_offset
 .text.fit_image_get_data_position
                0x0000000040220abc       0x48 common/built-in.o
                0x0000000040220abc                fit_image_get_data_position
 .text.fit_image_get_data_size
                0x0000000040220b04       0x48 common/built-in.o
                0x0000000040220b04                fit_image_get_data_size
 .text.fit_image_get_data_and_size
                0x0000000040220b4c       0xa8 common/built-in.o
                0x0000000040220b4c                fit_image_get_data_and_size
 .text.fit_image_hash_get_algo
                0x0000000040220bf4       0x38 common/built-in.o
                0x0000000040220bf4                fit_image_hash_get_algo
 .text.fit_image_hash_get_value
                0x0000000040220c2c       0x50 common/built-in.o
                0x0000000040220c2c                fit_image_hash_get_value
 .text.fit_image_print_data
                0x0000000040220c7c      0x190 common/built-in.o
 .text.fit_image_print_verification_data
                0x0000000040220e0c       0xbc common/built-in.o
 .text.fit_image_print
                0x0000000040220ec8      0x2fc common/built-in.o
                0x0000000040220ec8                fit_image_print
 .text.fit_print_contents
                0x00000000402211c4      0x454 common/built-in.o
                0x00000000402211c4                fit_print_contents
 .text.fit_get_end
                0x0000000040221618       0x10 common/built-in.o
                0x0000000040221618                fit_get_end
 .text.calculate_hash
                0x0000000040221628      0x11c common/built-in.o
                0x0000000040221628                calculate_hash
 .text.fit_image_verify_with_data
                0x0000000040221744      0x1f4 common/built-in.o
                0x0000000040221744                fit_image_verify_with_data
 .text.fit_image_verify
                0x0000000040221938       0x90 common/built-in.o
                0x0000000040221938                fit_image_verify
 .text.fit_all_image_verify
                0x00000000402219c8      0x110 common/built-in.o
                0x00000000402219c8                fit_all_image_verify
 .text.fit_image_check_os
                0x0000000040221ad8       0x3c common/built-in.o
                0x0000000040221ad8                fit_image_check_os
 .text.fit_image_check_arch
                0x0000000040221b14       0x64 common/built-in.o
                0x0000000040221b14                fit_image_check_arch
 .text.fit_image_check_type
                0x0000000040221b78       0x3c common/built-in.o
                0x0000000040221b78                fit_image_check_type
 .text.fit_image_check_comp
                0x0000000040221bb4       0x3c common/built-in.o
                0x0000000040221bb4                fit_image_check_comp
 .text.fit_check_format
                0x0000000040221bf0       0x54 common/built-in.o
                0x0000000040221bf0                fit_check_format
 .text.fit_conf_get_node
                0x0000000040221c44       0xdc common/built-in.o
                0x0000000040221c44                fit_conf_get_node
 .text.fit_conf_get_prop_node_index
                0x0000000040221d20       0x3c common/built-in.o
                0x0000000040221d20                fit_conf_get_prop_node_index
 .text.fit_conf_get_prop_node
                0x0000000040221d5c        0x8 common/built-in.o
                0x0000000040221d5c                fit_conf_get_prop_node
 .text.fit_get_node_from_config
                0x0000000040221d64       0x54 common/built-in.o
                0x0000000040221d64                fit_get_node_from_config
 .text.fit_image_load
                0x0000000040221db8      0x56c common/built-in.o
                0x0000000040221db8                fit_image_load
 .text.boot_get_setup_fit
                0x0000000040222324       0x78 common/built-in.o
                0x0000000040222324                boot_get_setup_fit
 .text.boot_get_fdt_fit
                0x000000004022239c      0x188 common/built-in.o
                0x000000004022239c                boot_get_fdt_fit
 .text.get_effective_memsize
                0x0000000040222524        0x8 common/built-in.o
                0x0000000040222524                get_effective_memsize
 .text.stdio_serial_tstc
                0x000000004022252c        0x4 common/built-in.o
 .text.stdio_serial_getc
                0x0000000040222530        0x4 common/built-in.o
 .text.stdio_serial_puts
                0x0000000040222534        0x8 common/built-in.o
 .text.stdio_serial_putc
                0x000000004022253c        0x8 common/built-in.o
 .text.stdio_get_list
                0x0000000040222544       0x10 common/built-in.o
                0x0000000040222544                stdio_get_list
 .text.stdio_get_by_name
                0x0000000040222554       0x6c common/built-in.o
                0x0000000040222554                stdio_get_by_name
 .text.stdio_clone
                0x00000000402225c0       0x4c common/built-in.o
                0x00000000402225c0                stdio_clone
 .text.stdio_register_dev
                0x000000004022260c       0x58 common/built-in.o
                0x000000004022260c                stdio_register_dev
 .text.stdio_register
                0x0000000040222664        0x8 common/built-in.o
                0x0000000040222664                stdio_register
 .text.stdio_init_tables
                0x000000004022266c       0x18 common/built-in.o
                0x000000004022266c                stdio_init_tables
 .text.stdio_add_devices
                0x0000000040222684       0x78 common/built-in.o
                0x0000000040222684                stdio_add_devices
 .text.run_command
                0x00000000402226fc       0x14 common/built-in.o
                0x00000000402226fc                run_command
 .text.run_command_list
                0x0000000040222710       0x90 common/built-in.o
                0x0000000040222710                run_command_list
 .text.do_run   0x00000000402227a0       0x88 common/built-in.o
                0x00000000402227a0                do_run
 .text.cli_process_fdt
                0x0000000040222828       0x50 common/built-in.o
                0x0000000040222828                cli_process_fdt
 .text.cli_secure_boot_cmd
                0x0000000040222878       0x74 common/built-in.o
                0x0000000040222878                cli_secure_boot_cmd
 .text.cli_loop
                0x00000000402228ec       0x10 common/built-in.o
                0x00000000402228ec                cli_loop
 .text.cli_init
                0x00000000402228fc        0x4 common/built-in.o
                0x00000000402228fc                cli_init
 .text.find_cmd_tbl
                0x0000000040222900       0xc0 common/built-in.o
                0x0000000040222900                find_cmd_tbl
 .text.find_cmd
                0x00000000402229c0       0x30 common/built-in.o
                0x00000000402229c0                find_cmd
 .text.cmd_usage
                0x00000000402229f0       0x68 common/built-in.o
                0x00000000402229f0                cmd_usage
 .text._do_help
                0x0000000040222a58      0x188 common/built-in.o
                0x0000000040222a58                _do_help
 .text.var_complete
                0x0000000040222be0       0x80 common/built-in.o
                0x0000000040222be0                var_complete
 .text.complete_subcmdv
                0x0000000040222c60      0x1b4 common/built-in.o
                0x0000000040222c60                complete_subcmdv
 .text.cmd_auto_complete
                0x0000000040222e14      0x3f4 common/built-in.o
                0x0000000040222e14                cmd_auto_complete
 .text.cmd_get_data_size
                0x0000000040223208       0x90 common/built-in.o
                0x0000000040223208                cmd_get_data_size
 .text.cmd_always_repeatable
                0x0000000040223298       0x10 common/built-in.o
                0x0000000040223298                cmd_always_repeatable
 .text.cmd_never_repeatable
                0x00000000402232a8        0xc common/built-in.o
                0x00000000402232a8                cmd_never_repeatable
 .text.cmd_process
                0x00000000402232b4      0x108 common/built-in.o
                0x00000000402232b4                cmd_process
 .text.cmd_process_error
                0x00000000402233bc       0x40 common/built-in.o
                0x00000000402233bc                cmd_process_error
 .text.hex1_bin
                0x00000000402233fc       0x44 common/built-in.o
 .text.hex2_bin
                0x0000000040223440       0x40 common/built-in.o
 .text.srec_decode
                0x0000000040223480      0x228 common/built-in.o
                0x0000000040223480                srec_decode
 .text.CYGACC_COMM_IF_GETC_TIMEOUT.isra.0
                0x00000000402236a8       0x54 common/built-in.o
 .text.xyzModem_flush
                0x00000000402236fc       0x1c common/built-in.o
 .text.xyzModem_get_hdr
                0x0000000040223718      0x200 common/built-in.o
 .text.xyzModem_stream_open
                0x0000000040223918      0x23c common/built-in.o
                0x0000000040223918                xyzModem_stream_open
 .text.xyzModem_stream_read
                0x0000000040223b54      0x254 common/built-in.o
                0x0000000040223b54                xyzModem_stream_read
 .text.xyzModem_stream_close
                0x0000000040223da8       0x3c common/built-in.o
                0x0000000040223da8                xyzModem_stream_close
 .text.xyzModem_stream_terminate
                0x0000000040223de4       0xa4 common/built-in.o
                0x0000000040223de4                xyzModem_stream_terminate
 .text.xyzModem_error
                0x0000000040223e88       0x28 common/built-in.o
                0x0000000040223e88                xyzModem_error
 .text.part_driver_lookup_type
                0x0000000040223eb0       0xa8 disk/built-in.o
 .text.blk_get_dev
                0x0000000040223f58       0x38 disk/built-in.o
                0x0000000040223f58                blk_get_dev
 .text.dev_print
                0x0000000040223f90      0x1f0 disk/built-in.o
                0x0000000040223f90                dev_print
 .text.part_init
                0x0000000040224180       0x88 disk/built-in.o
                0x0000000040224180                part_init
 .text.part_print
                0x0000000040224208      0x138 disk/built-in.o
                0x0000000040224208                part_print
 .text.part_get_info
                0x0000000040224340       0x68 disk/built-in.o
                0x0000000040224340                part_get_info
 .text.part_get_info_whole_disk
                0x00000000402243a8       0x5c disk/built-in.o
                0x00000000402243a8                part_get_info_whole_disk
 .text.blk_get_device_by_str
                0x0000000040224404      0x144 disk/built-in.o
                0x0000000040224404                blk_get_device_by_str
 .text.blk_get_device_part_str
                0x0000000040224548      0x35c disk/built-in.o
                0x0000000040224548                blk_get_device_part_str
 .text.part_set_generic_name
                0x00000000402248a4       0x48 disk/built-in.o
                0x00000000402248a4                part_set_generic_name
 .text.test_block_type
                0x00000000402248ec       0x90 disk/built-in.o
 .text.print_partition_extended
                0x000000004022497c      0x25c disk/built-in.o
 .text.part_print_dos
                0x0000000040224bd8       0x3c disk/built-in.o
                0x0000000040224bd8                part_print_dos
 .text.part_test_dos
                0x0000000040224c14       0x78 disk/built-in.o
 .text.part_get_info_extended
                0x0000000040224c8c      0x2b4 disk/built-in.o
 .text.part_get_info_dos
                0x0000000040224f40       0x1c disk/built-in.o
                0x0000000040224f40                part_get_info_dos
 .text.print_efiname
                0x0000000040224f5c       0x54 disk/built-in.o
 .text.part_test_efi
                0x0000000040224fb0       0xb8 disk/built-in.o
 .text.validate_gpt_header
                0x0000000040225068      0x230 disk/built-in.o
 .text.is_gpt_valid
                0x0000000040225298      0x2d4 disk/built-in.o
 .text.is_pte_valid
                0x000000004022556c       0x64 disk/built-in.o
 .text.part_print_efi
                0x00000000402255d0      0x274 disk/built-in.o
                0x00000000402255d0                part_print_efi
 .text.part_get_info_efi
                0x0000000040225844      0x218 disk/built-in.o
                0x0000000040225844                part_get_info_efi
 .text.get_disk_guid
                0x0000000040225a5c       0xe0 disk/built-in.o
                0x0000000040225a5c                get_disk_guid
 .text.write_gpt_table
                0x0000000040225b3c      0x4fc disk/built-in.o
                0x0000000040225b3c                write_gpt_table
 .text.gpt_fill_pte
                0x0000000040226038      0x398 disk/built-in.o
                0x0000000040226038                gpt_fill_pte
 .text.gpt_fill_header
                0x00000000402263d0      0x250 disk/built-in.o
                0x00000000402263d0                gpt_fill_header
 .text.gpt_restore
                0x0000000040226620      0x150 disk/built-in.o
                0x0000000040226620                gpt_restore
 .text.gpt_verify_headers
                0x0000000040226770       0x98 disk/built-in.o
                0x0000000040226770                gpt_verify_headers
 .text.gpt_verify_partitions
                0x0000000040226808      0x1f4 disk/built-in.o
                0x0000000040226808                gpt_verify_partitions
 .text.is_valid_gpt_buf
                0x00000000402269fc       0xf0 disk/built-in.o
                0x00000000402269fc                is_valid_gpt_buf
 .text.write_backup_gpt_partitions
                0x0000000040226aec      0x39c disk/built-in.o
                0x0000000040226aec                write_backup_gpt_partitions
 .text.device_bind_common.isra.0
                0x0000000040226e88      0x310 drivers/built-in.o
 .text.alloc_priv
                0x0000000040227198       0x68 drivers/built-in.o
 .text.device_bind_with_driver_data
                0x0000000040227200       0x14 drivers/built-in.o
                0x0000000040227200                device_bind_with_driver_data
 .text.device_bind
                0x0000000040227214       0x10 drivers/built-in.o